e:\personal\projects\echo_game_engine\build\debug\imgui.pdb
e:\personal\projects\echo_game_engine\build\imgui.dir\debug\imgui_impl_opengl3.obj
e:\personal\projects\echo_game_engine\build\imgui.dir\debug\imgui_impl_glfw.obj
e:\personal\projects\echo_game_engine\build\imgui.dir\debug\imgui_demo.obj
e:\personal\projects\echo_game_engine\build\imgui.dir\debug\imgui_widgets.obj
e:\personal\projects\echo_game_engine\build\imgui.dir\debug\imgui_tables.obj
e:\personal\projects\echo_game_engine\build\imgui.dir\debug\imgui_draw.obj
e:\personal\projects\echo_game_engine\build\imgui.dir\debug\imgui.obj
e:\personal\projects\echo_game_engine\build\cmakefiles\generate.stamp
e:\personal\projects\echo_game_engine\build\debug\imgui.lib
e:\personal\projects\echo_game_engine\build\imgui.dir\debug\imgui.tlog\cl.command.1.tlog
e:\personal\projects\echo_game_engine\build\imgui.dir\debug\imgui.tlog\cl.items.tlog
e:\personal\projects\echo_game_engine\build\imgui.dir\debug\imgui.tlog\cl.read.1.tlog
e:\personal\projects\echo_game_engine\build\imgui.dir\debug\imgui.tlog\cl.write.1.tlog
e:\personal\projects\echo_game_engine\build\imgui.dir\debug\imgui.tlog\custombuild.command.1.tlog
e:\personal\projects\echo_game_engine\build\imgui.dir\debug\imgui.tlog\custombuild.read.1.tlog
e:\personal\projects\echo_game_engine\build\imgui.dir\debug\imgui.tlog\custombuild.write.1.tlog
e:\personal\projects\echo_game_engine\build\imgui.dir\debug\imgui.tlog\lib-link.read.1.tlog
e:\personal\projects\echo_game_engine\build\imgui.dir\debug\imgui.tlog\lib-link.write.1.tlog
e:\personal\projects\echo_game_engine\build\imgui.dir\debug\imgui.tlog\lib.command.1.tlog
